// Jest Snapshot v1, https://goo.gl/fbAQLP

exports[`AppLayout renders properly 1`] = `
<div
  className="LayoutWrapper"
>
  <div
    className="Layout"
  >
    <div
      className="Layout__Left-Navigator "
    >
      <div
        className="UserBasicInfo"
      >
        <figure
          className="image UserBasicInfo__Picture"
        >
          <img
            alt="Pic"
            className=""
            onError={[Function]}
            src="test.com"
          />
        </figure>
        <div>
          <h1
            className="inverted title is-4"
          >
            John
          </h1>
        </div>
      </div>
      <div
        className="Options"
      >
        <a
          aria-current={null}
          className="Option__Link"
          href="/test"
          onClick={[Function]}
        >
          <svg
            aria-hidden="true"
            className="svg-inline--fa fa-home fa-w-18 Option__Icon"
            data-icon="home"
            data-prefix="fas"
            focusable="false"
            role="img"
            style={Object {}}
            viewBox="0 0 576 512"
            xmlns="http://www.w3.org/2000/svg"
          >
            <path
              d="M280.37 148.26L96 300.11V464a16 16 0 0 0 16 16l112.06-.29a16 16 0 0 0 15.92-16V368a16 16 0 0 1 16-16h64a16 16 0 0 1 16 16v95.64a16 16 0 0 0 16 16.05L464 480a16 16 0 0 0 16-16V300L295.67 148.26a12.19 12.19 0 0 0-15.3 0zM571.6 251.47L488 182.56V44.05a12 12 0 0 0-12-12h-56a12 12 0 0 0-12 12v72.61L318.47 43a48 48 0 0 0-61 0L4.34 251.47a12 12 0 0 0-1.6 16.9l25.5 31A12 12 0 0 0 45.15 301l235.22-193.74a12.19 12.19 0 0 1 15.3 0L530.9 301a12 12 0 0 0 16.9-1.6l25.5-31a12 12 0 0 0-1.7-16.93z"
              fill="currentColor"
              style={Object {}}
            />
          </svg>
           
          Test
        </a>
        <a
          aria-current={null}
          className="Option__Link"
          href="/another"
          onClick={[Function]}
        >
          <svg
            aria-hidden="true"
            className="svg-inline--fa fa-users fa-w-20 Option__Icon"
            data-icon="users"
            data-prefix="fas"
            focusable="false"
            role="img"
            style={Object {}}
            viewBox="0 0 640 512"
            xmlns="http://www.w3.org/2000/svg"
          >
            <path
              d="M96 224c35.3 0 64-28.7 64-64s-28.7-64-64-64-64 28.7-64 64 28.7 64 64 64zm448 0c35.3 0 64-28.7 64-64s-28.7-64-64-64-64 28.7-64 64 28.7 64 64 64zm32 32h-64c-17.6 0-33.5 7.1-45.1 18.6 40.3 22.1 68.9 62 75.1 109.4h66c17.7 0 32-14.3 32-32v-32c0-35.3-28.7-64-64-64zm-256 0c61.9 0 112-50.1 112-112S381.9 32 320 32 208 82.1 208 144s50.1 112 112 112zm76.8 32h-8.3c-20.8 10-43.9 16-68.5 16s-47.6-6-68.5-16h-8.3C179.6 288 128 339.6 128 403.2V432c0 26.5 21.5 48 48 48h288c26.5 0 48-21.5 48-48v-28.8c0-63.6-51.6-115.2-115.2-115.2zm-223.7-13.4C161.5 263.1 145.6 256 128 256H64c-35.3 0-64 28.7-64 64v32c0 17.7 14.3 32 32 32h65.9c6.3-47.4 34.9-87.3 75.2-109.4z"
              fill="currentColor"
              style={Object {}}
            />
          </svg>
           
          Another
        </a>
      </div>
    </div>
    <div
      className="Layout__Content"
    >
      <div
        className="NavBar right"
      >
        <a
          className="NavBar__link menu"
          href="/home/display-menu"
          onClick={[Function]}
        >
          <figure
            className="image"
          >
            <img
              alt="menu"
              className=""
              onError={[Function]}
              src="menu.svg"
            />
          </figure>
        </a>
        <a
          className="NavBar__link"
          href="/"
          onClick={[Function]}
        >
          Cerrar Sesion
        </a>
      </div>
      <div
        className="Layout__Scroll-Content-Wrapper "
      >
        <div
          className="Layout__Scroll-Content"
        >
          Test
        </div>
      </div>
    </div>
  </div>
</div>
`;
