// Jest Snapshot v1, https://goo.gl/fbAQLP

exports[`ErrorMessage renders properly 1`] = `
<div
  className="ErrorMessage"
>
  Error!
</div>
`;
