// Jest Snapshot v1, https://goo.gl/fbAQLP

exports[`DropDown renders properly 1`] = `
<div
  className="dropdown"
>
  <div
    className="dropdown-trigger"
    onClick={[Function]}
    role="presentation"
  >
    <button
      className="button"
      disabled={false}
      onClick={[Function]}
      tabIndex={0}
    >
      <span>
        first
      </span>
      <span
        className="icon is-small"
      >
        <i
          className="rbc rbc-angle-down"
        />
      </span>
    </button>
  </div>
  <div
    className="dropdown-menu"
    id="dropdown-menu"
    role="menu"
  >
    <div
      className="dropdown-content"
    >
      <div
        className="dropdown-item"
        onClick={[Function]}
        role="presentation"
        title={0}
      >
        Please select
      </div>
      <div
        className="dropdown-item is-active"
        onClick={[Function]}
        role="presentation"
        title={1}
      >
        first
      </div>
      <div
        className="dropdown-item"
        onClick={[Function]}
        role="presentation"
        title={2}
      >
        second
      </div>
    </div>
  </div>
</div>
`;
