// Jest Snapshot v1, https://goo.gl/fbAQLP

exports[`useTableItemsFetch works as expected 1`] = `"<div>{\\"total\\":0,\\"items\\":[]}</div>"`;
