// Jest Snapshot v1, https://goo.gl/fbAQLP

exports[`Label renders properly 1`] = `
<Tag
  remove={false}
  renderAs="span"
  rounded={false}
>
  Test
</Tag>
`;
