// Jest Snapshot v1, https://goo.gl/fbAQLP

exports[`CommunitiesTable renderers DescriptionRenderer renders properly 1`] = `
<textarea
  name="test-name"
  onChange={[MockFunction]}
  value="test-value"
/>
`;
